MPLINK 4.49, Linker
Linker Map File - Created Sat Nov 14 23:59:26 2020

                                 Section Info
                  Section       Type    Address   Location Size(Bytes)
                ---------  ---------  ---------  ---------  ---------
                   .org_0       code   0x000000    program   0x000000
                   .org_1       code   0x000000    program   0x000004
                   .org_2       code   0x000008    program   0x000002
                   .org_3       code   0x000018    program   0x000012



                              Program Memory Usage 
                               Start         End      
                           ---------   ---------      
                            0x000000    0x000003      
                            0x000008    0x000009      
                            0x000018    0x000029      
            24 out of 33048 program addresses used, program memory utilization is 0%



                              Symbols - Sorted by Name
                     Name    Address   Location    Storage File                     
                ---------  ---------  ---------  --------- ---------                
                    CLEAR   0x000024    program     static C:\Users\ADMIN\OneDrive\Documents\Quiz4\quiz4.asm
                   Toggel   0x000026    program     static C:\Users\ADMIN\OneDrive\Documents\Quiz4\quiz4.asm
                    start   0x00001a    program     static C:\Users\ADMIN\OneDrive\Documents\Quiz4\quiz4.asm



                              Symbols - Sorted by Address
                     Name    Address   Location    Storage File                     
                ---------  ---------  ---------  --------- ---------                
                    start   0x00001a    program     static C:\Users\ADMIN\OneDrive\Documents\Quiz4\quiz4.asm
                    CLEAR   0x000024    program     static C:\Users\ADMIN\OneDrive\Documents\Quiz4\quiz4.asm
                   Toggel   0x000026    program     static C:\Users\ADMIN\OneDrive\Documents\Quiz4\quiz4.asm


